// Jest Snapshot v1, https://goo.gl/fbAQLP

exports[`Renders the Heading component 1`] = `
<div>
  <h1>
    Heading
  </h1>
</div>
`;
