// Jest Snapshot v1, https://goo.gl/fbAQLP

exports[`Renders the Button component 1`] = `
<div>
  <button
    class="buttonBase"
  >
    test
  </button>
</div>
`;
